<?xml version="1.0" encoding="UTF-8" ?>
<testsuites disabled="0" errors="0" failures="1" tests="4" time="16.893">
 <testsuite name="SauceDemo Tests - étapes séparées" timestamp="2025-07-08T13:23:05" hostname="localhost" time="16.893" errors="0" tests="4" skipped="0" disabled="0" failures="1">
  <testcase classname="SauceDemo Tests - étapes séparées" name="should add product and check in cart" time="4.309" />
  <testcase classname="SauceDemo Tests - étapes séparées" name="should proceed to checkout and fill user info" time="4.43">
   <failure type="toContain" message="Expected &apos;https://www.saucedemo.com/checkout-step-two.html&apos; to contain &apos;checkout-stepaaa&apos;."><![CDATA[at <Jasmine>
    at UserContext.<anonymous> (C:\Users\sirin\OneDrive\Bureau\folder\spec\login.spec.js:71:28)
    at process.processTicksAndRejections (node:internal/process/task_queues:105:5)]]>
   </failure>
  </testcase>
  <testcase classname="SauceDemo Tests - étapes séparées" name="should login successfully" time="3.734" />
  <testcase classname="SauceDemo Tests - étapes séparées" name="should finalize order and verify confirmation message" time="4.412" />
 </testsuite>
</testsuites>